2024-03-15 10:57:16,350 [Worker-5: Loading available Gradle versions] INFO  o.e.b.c.i.u.g.PublishedGradleVersions - Gradle version information cache is out-of-date. Trying to update.
2024-03-15 11:05:53,479 [Worker-2: Loading available Gradle versions] INFO  o.e.b.c.i.u.g.PublishedGradleVersions - Gradle version information cache is up-to-date. Trying to read.
2024-03-15 11:06:46,005 [Worker-10: Pulling origin from git@github.com:vnu-frsl/use.git] INFO  o.a.s.c.u.s.e.EdDSASecurityProviderRegistrar - getOrCreateProvider(EdDSA) created instance of net.i2p.crypto.eddsa.EdDSASecurityProvider
2024-03-15 11:06:46,149 [Worker-10: Pulling origin from git@github.com:vnu-frsl/use.git] INFO  o.a.s.c.i.DefaultIoServiceFactoryFactory - No detected/configured IoServiceFactoryFactory; using Nio2ServiceFactoryFactory
2024-03-15 12:14:27,439 [Worker-29: Decoration Calculation] ERROR o.e.j.i.storage.file.FileSnapshot - /media/hanhdd/data/workspace/sme-use/.git/refs/heads/useocl/master: Not a directory
java.nio.file.FileSystemException: /media/hanhdd/data/workspace/sme-use/.git/refs/heads/useocl/master: Not a directory
	at java.base/sun.nio.fs.UnixException.translateToIOException(UnixException.java:100)
	at java.base/sun.nio.fs.UnixException.rethrowAsIOException(UnixException.java:106)
	at java.base/sun.nio.fs.UnixException.rethrowAsIOException(UnixException.java:111)
	at java.base/sun.nio.fs.UnixFileAttributeViews$Basic.readAttributes(UnixFileAttributeViews.java:55)
	at java.base/sun.nio.fs.UnixFileSystemProvider.readAttributes(UnixFileSystemProvider.java:148)
	at java.base/sun.nio.fs.LinuxFileSystemProvider.readAttributes(LinuxFileSystemProvider.java:99)
	at java.base/java.nio.file.Files.readAttributes(Files.java:1851)
	at org.eclipse.jgit.util.FileUtils.fileAttributes(FileUtils.java:827)
	at org.eclipse.jgit.util.FS.fileAttributes(FS.java:1294)
	at org.eclipse.jgit.internal.storage.file.FileSnapshot.<init>(FileSnapshot.java:234)
	at org.eclipse.jgit.internal.storage.file.FileSnapshot.<init>(FileSnapshot.java:213)
	at org.eclipse.jgit.internal.storage.file.FileSnapshot.save(FileSnapshot.java:104)
	at org.eclipse.jgit.internal.storage.file.RefDirectory.lambda$3(RefDirectory.java:1164)
	at org.eclipse.jgit.util.FileUtils.readWithRetries(FileUtils.java:733)
	at org.eclipse.jgit.internal.storage.file.RefDirectory.scanRef(RefDirectory.java:1163)
	at org.eclipse.jgit.internal.storage.file.RefDirectory.readRef(RefDirectory.java:1121)
	at org.eclipse.jgit.internal.storage.file.RefDirectory.readAndResolve(RefDirectory.java:295)
	at org.eclipse.jgit.internal.storage.file.RefDirectory.firstExactRef(RefDirectory.java:346)
	at org.eclipse.jgit.lib.RefDatabase.findRef(RefDatabase.java:281)
	at org.eclipse.jgit.lib.Repository.findRef(Repository.java:1102)
	at org.eclipse.egit.core.RepositoryUtil.mapCommitToRef(RepositoryUtil.java:266)
	at org.eclipse.egit.ui.internal.decorators.DecoratorRepositoryStateCache.lambda$1(DecoratorRepositoryStateCache.java:124)
	at org.eclipse.egit.core.UnitOfWork.get(UnitOfWork.java:132)
	at org.eclipse.egit.ui.internal.decorators.DecoratorRepositoryStateCache.lambda$0(DecoratorRepositoryStateCache.java:111)
	at java.base/java.util.concurrent.ConcurrentHashMap.computeIfAbsent(ConcurrentHashMap.java:1708)
	at org.eclipse.egit.ui.internal.decorators.DecoratorRepositoryStateCache.getCurrentBranchLabel(DecoratorRepositoryStateCache.java:110)
	at org.eclipse.egit.ui.internal.repository.RepositoryTreeNodeDecorator.decorateRepository(RepositoryTreeNodeDecorator.java:354)
	at org.eclipse.egit.ui.internal.repository.RepositoryTreeNodeDecorator.decorateText(RepositoryTreeNodeDecorator.java:256)
	at org.eclipse.egit.ui.internal.repository.RepositoryTreeNodeDecorator.decorateNode(RepositoryTreeNodeDecorator.java:139)
	at org.eclipse.egit.ui.internal.repository.RepositoryTreeNodeDecorator.lambda$0(RepositoryTreeNodeDecorator.java:130)
	at org.eclipse.egit.core.UnitOfWork.execute(UnitOfWork.java:96)
	at org.eclipse.egit.ui.internal.repository.RepositoryTreeNodeDecorator.decorate(RepositoryTreeNodeDecorator.java:129)
	at org.eclipse.ui.internal.decorators.LightweightDecoratorDefinition.decorate(LightweightDecoratorDefinition.java:257)
	at org.eclipse.ui.internal.decorators.LightweightDecoratorManager$LightweightRunnable.run(LightweightDecoratorManager.java:105)
	at org.eclipse.core.runtime.SafeRunner.run(SafeRunner.java:47)
	at org.eclipse.ui.internal.decorators.LightweightDecoratorManager.decorate(LightweightDecoratorManager.java:360)
	at org.eclipse.ui.internal.decorators.LightweightDecoratorManager.getDecorations(LightweightDecoratorManager.java:346)
	at org.eclipse.ui.internal.decorators.DecorationScheduler$1.queue(DecorationScheduler.java:419)
	at org.eclipse.ui.internal.decorators.DecorationScheduler$1.run(DecorationScheduler.java:397)
	at org.eclipse.core.internal.jobs.Worker.run(Worker.java:63)
2024-03-15 13:56:00,387 [ModalContext] ERROR o.e.m.c.i.p.r.ProjectRegistryReader - Can't write workspace state
java.io.FileNotFoundException: /media/hanhdd/data/workspace/sme-use/.metadata/.plugins/org.eclipse.m2e.core/workspaceState.ser (No such file or directory)
	at java.base/java.io.FileOutputStream.open0(Native Method)
	at java.base/java.io.FileOutputStream.open(FileOutputStream.java:293)
	at java.base/java.io.FileOutputStream.<init>(FileOutputStream.java:235)
	at java.base/java.io.FileOutputStream.<init>(FileOutputStream.java:184)
	at org.eclipse.m2e.core.internal.project.registry.ProjectRegistryReader.createObjectOutputStream(ProjectRegistryReader.java:127)
	at org.eclipse.m2e.core.internal.project.registry.ProjectRegistryReader.writeWorkspaceState(ProjectRegistryReader.java:116)
	at org.eclipse.m2e.core.internal.project.registry.ProjectRegistryManager.writeWorkspaceState(ProjectRegistryManager.java:1043)
	at org.eclipse.m2e.core.internal.project.registry.ProjectRegistryManager.saving(ProjectRegistryManager.java:1194)
	at org.eclipse.core.internal.resources.SaveManager.executeLifecycle(SaveManager.java:453)
	at org.eclipse.core.internal.resources.SaveManager$1.run(SaveManager.java:269)
	at org.eclipse.core.runtime.SafeRunner.run(SafeRunner.java:47)
	at org.eclipse.core.internal.resources.SaveManager.broadcastLifecycle(SaveManager.java:272)
	at org.eclipse.core.internal.resources.SaveManager.save(SaveManager.java:1226)
	at org.eclipse.core.internal.resources.Workspace.save(Workspace.java:2494)
	at org.eclipse.ui.internal.ide.application.IDEWorkbenchAdvisor.lambda$1(IDEWorkbenchAdvisor.java:553)
	at org.eclipse.jface.operation.ModalContext$ModalContextThread.run(ModalContext.java:122)
